прибор: пунктов 8, проверок 39
── посадка base ──
  [base] gate       4/5 · 279.2с · вход 1,679 симв
  [base] watcher    4/5 · 377.4с · вход 1,170 симв
  [base] commit     5/5 · 58.4с · вход 1,900 симв
  [base] issue      4/4 · 482.0с · вход 1,035 симв
  [base] probe      5/5 · 593.6с · вход 1,531 симв
  [base] report     0/5 · 447.9с · вход 1,157 симв  ← НЕ ВЫПОЛНИЛОСЬ: файл не создан
  [base] migration  0/5 · 1200.1с · вход 1,794 симв  ← НЕ ВЫПОЛНИЛОСЬ: оборван по времени (1200 с)
  [base] rpc        4/5 · 825.6с · вход 3,493 симв

  ПОСАДКА base: соблюдено 26/39 = 67% · не выполнилось пунктов: 2
── посадка lane ──
  [lane] gate       3/5 · 471.9с · вход 85,298 симв
  [lane] watcher    5/5 · 529.2с · вход 97,499 симв
  [lane] commit     4/5 · 209.6с · вход 75,883 симв
  [lane] issue      3/4 · 603.1с · вход 97,364 симв
  [lane] probe      5/5 · 971.3с · вход 32,917 симв
  [lane] report     0/5 · 878.7с · вход 12,240 симв  ← НЕ ВЫПОЛНИЛОСЬ: файл не создан
  [lane] migration  0/5 · 782.7с · вход 34,768 симв  ← НЕ ВЫПОЛНИЛОСЬ: файл не создан
  [lane] rpc        2/5 · 1092.2с · вход 40,994 симв

  ПОСАДКА lane: соблюдено 22/39 = 56% · не выполнилось пунктов: 2
ОБЕ_ПОСАДКИ_ПРОГНАНЫ
