TestCatalogReachability_EveryRowResolvesToAServedMethod
TestCatalogReachability_InertRowsAreExactlyTheAllowedServices
TestCatalogReachability_SilentOnAServedMethod
TestCatalogReachability_RedOnAnUnmountedService
TestCatalogReachability_RedOnAMethodTheContractDoesNotHave
TestCatalogReachability_RedOnAServiceTheContractDoesNotHave
TestCatalogReachability_MethodsAreNotBorrowedBetweenDescriptors
TestCatalogReachability_AllowExcusesAndThenExpires
TestCatalogReachability_EmptyCatalogIsAnError
TestGRPCMountParity_EveryDeclaredServiceIsMounted
TestGRPCMountParity_SeesAnUnmountedServiceAsUnmounted
TestGRPCMountParity_ReadsTheImportAliasAndNotThePathTail
TestGRPCMountParity_AStaleAllowIsItselfAFinding
TestGRPCMountParity_EmptySubjectIsAnError
TestGRPCMountParity_AnAllowForAnUnownedPackageIsOutOfSubject
TestGRPCMountParity_DoesNotReadThroughASymlinkOutOfTheAPIRoot
TestSubscriptionShapeStandIsCleanBeforeInjection
TestSubscriptionShapeAxisLedgerCanFail
TestSubscriptionShapeCategoryMarkCanFail
TestSubscriptionShapeAbsentAxisCanFail
TestSubscriptionShapeUnsetOutcomeCanFail
TestSubscriptionShapeCarrierCanFail
TestSubscriptionShapeAnchorCanFail
TestSubscriptionShapeHorizonCanFail
TestSubscriptionShapeStopReasonCanFail
TestSubscriptionShapePerimeterCanFail
TestSubscriptionShapeOwnerVocabularyCanFail
TestSubscriptionShapeRefusesAnEmptyRead
TestSubscriptionShapeMissingMessageCanFail
TestSubscriptionFormShape
TestSubscriptionShapeReasonContract
ok  	github.com/PRO-Robotech/kacho/internal/repohygiene	0.017s
