{
  "prerequisite_proved": true,
  "runs": [
    {
      "name": "regular-baseline",
      "rc": 0,
      "timeout": false,
      "writes": 0,
      "parsed": {
        "json_objects": 1,
        "problem_objects": 0,
        "import_paths": [
          "example.invalid/dc03fixture"
        ]
      },
      "elapsed": 0.20124487997964025
    },
    {
      "name": "fifo-repeat-writer",
      "rc": 0,
      "timeout": false,
      "writes": 2,
      "parsed": {
        "json_objects": 1,
        "problem_objects": 0,
        "import_paths": [
          "example.invalid/dc03fixture"
        ]
      },
      "elapsed": 0.20134277502074838
    },
    {
      "name": "fifo-no-writer",
      "rc": -9,
      "timeout": true,
      "writes": 0,
      "parsed": {
        "json_objects": 0,
        "problem_objects": 0,
        "import_paths": []
      },
      "elapsed": 3.0043599130003713
    },
    {
      "name": "fifo-repeat-writer-restored",
      "rc": 0,
      "timeout": false,
      "writes": 2,
      "parsed": {
        "json_objects": 1,
        "problem_objects": 0,
        "import_paths": [
          "example.invalid/dc03fixture"
        ]
      },
      "elapsed": 0.2011398629983887
    }
  ],
  "cleanup": {
    "owned_pids": [
      292194,
      292208,
      292221,
      292253
    ],
    "all_owned_pids_absent": true,
    "fixture_root_absent": true
  }
}
