github.com/PRO-Robotech/corelib/api/corelib/api/v1  
github.com/PRO-Robotech/corelib/api/corelib/authz/v1  
github.com/PRO-Robotech/corelib/api/corelib/operation  
github.com/PRO-Robotech/corelib/api/corelib/quota/v1  
github.com/PRO-Robotech/corelib/api/corelib/subscription  
github.com/PRO-Robotech/corelib/audit strings testing time bytes context encoding/json errors fmt github.com/PRO-Robotech/corelib/audit github.com/PRO-Robotech/corelib/observability github.com/PRO-Robotech/corelib/outbox/metrics github.com/PRO-Robotech/corelib/pgtest github.com/jackc/pgx/v5/pgxpool github.com/stretchr/testify/require io log/slog os strings sync testing time
github.com/PRO-Robotech/corelib/auth  context github.com/PRO-Robotech/corelib/auth github.com/PRO-Robotech/corelib/authz github.com/PRO-Robotech/corelib/grpcsrv github.com/PRO-Robotech/corelib/operations google.golang.org/grpc/metadata testing
github.com/PRO-Robotech/corelib/authz context errors fmt github.com/PRO-Robotech/corelib/operations github.com/stretchr/testify/require io log/slog sync testing time context errors fmt github.com/PRO-Robotech/corelib/authz github.com/PRO-Robotech/corelib/operations github.com/PRO-Robotech/corelib/pgtest github.com/jackc/pgx/v5/pgxpool github.com/stretchr/testify/require google.golang.org/grpc google.golang.org/grpc/codes google.golang.org/grpc/metadata google.golang.org/grpc/status os strings sync testing time
github.com/PRO-Robotech/corelib/authz/authzmetrics  context github.com/PRO-Robotech/corelib/authz github.com/PRO-Robotech/corelib/authz/authzmetrics github.com/PRO-Robotech/corelib/operations github.com/prometheus/client_golang/prometheus github.com/prometheus/client_golang/prometheus/promhttp google.golang.org/grpc io net/http/httptest strings testing time
github.com/PRO-Robotech/corelib/authz/catalogderive  fmt github.com/PRO-Robotech/corelib/api/corelib/api/v1 github.com/PRO-Robotech/corelib/api/corelib/authz/v1 github.com/PRO-Robotech/corelib/api/corelib/operation github.com/PRO-Robotech/corelib/authz github.com/PRO-Robotech/corelib/authz/catalogderive github.com/stretchr/testify/assert github.com/stretchr/testify/require google.golang.org/protobuf/proto google.golang.org/protobuf/reflect/protodesc google.golang.org/protobuf/reflect/protoreflect google.golang.org/protobuf/reflect/protoregistry google.golang.org/protobuf/types/descriptorpb google.golang.org/protobuf/types/dynamicpb os strings testing
github.com/PRO-Robotech/corelib/authz/proxytuple errors testing errors github.com/PRO-Robotech/corelib/authz/proxytuple github.com/PRO-Robotech/corelib/platformmodules github.com/stretchr/testify/require testing
github.com/PRO-Robotech/corelib/backoff  github.com/PRO-Robotech/corelib/backoff github.com/stretchr/testify/assert testing time
github.com/PRO-Robotech/corelib/baggage  context errors github.com/PRO-Robotech/corelib/baggage github.com/stretchr/testify/assert github.com/stretchr/testify/require go.opentelemetry.io/otel/trace log/slog testing time
github.com/PRO-Robotech/corelib/config github.com/stretchr/testify/require testing 
github.com/PRO-Robotech/corelib/contractroot  
github.com/PRO-Robotech/corelib/credsecret  bytes errors github.com/PRO-Robotech/corelib/credsecret github.com/PRO-Robotech/corelib/ids strings testing
github.com/PRO-Robotech/corelib/db context errors github.com/PRO-Robotech/corelib/pgtest github.com/jackc/pgx/v5 github.com/stretchr/testify/assert github.com/stretchr/testify/require os testing time context github.com/PRO-Robotech/corelib/db github.com/PRO-Robotech/corelib/pgtest github.com/jackc/pgx/v5/pgxpool github.com/prometheus/client_golang/prometheus github.com/prometheus/client_golang/prometheus/promhttp github.com/stretchr/testify/require io net/http net/http/httptest net/url sort strconv strings testing
github.com/PRO-Robotech/corelib/db/pgfault  errors fmt github.com/PRO-Robotech/corelib/db/pgfault github.com/jackc/pgx/v5 github.com/jackc/pgx/v5/pgconn testing
github.com/PRO-Robotech/corelib/dbready  context errors fmt github.com/PRO-Robotech/corelib/dbready github.com/jackc/pgx/v5/pgconn github.com/stretchr/testify/require io net strings testing time
github.com/PRO-Robotech/corelib/dropguard  context database/sql errors fmt github.com/PRO-Robotech/corelib/dropguard github.com/PRO-Robotech/corelib/pgtest github.com/jackc/pgx/v5/stdlib github.com/pressly/goose/v3 io io/fs os strings testing testing/fstest
github.com/PRO-Robotech/corelib/dropguard/dropguardtest  
github.com/PRO-Robotech/corelib/envknob  errors github.com/PRO-Robotech/corelib/envknob github.com/PRO-Robotech/corelib/treecorpus os path/filepath sort strings testing
github.com/PRO-Robotech/corelib/errors github.com/stretchr/testify/require google.golang.org/genproto/googleapis/rpc/errdetails google.golang.org/grpc/codes google.golang.org/grpc/status testing github.com/PRO-Robotech/corelib/errors github.com/stretchr/testify/require os os/exec path path/filepath reflect testing
github.com/PRO-Robotech/corelib/filter strings testing github.com/PRO-Robotech/corelib/filter github.com/stretchr/testify/assert github.com/stretchr/testify/require strings testing
github.com/PRO-Robotech/corelib/gitenv crypto/sha256 encoding/hex os os/exec path/filepath strings testing 
github.com/PRO-Robotech/corelib/grpcclient encoding/json github.com/stretchr/testify/require google.golang.org/grpc/backoff strings testing time crypto/ecdsa crypto/elliptic crypto/rand crypto/x509 crypto/x509/pkix encoding/pem github.com/PRO-Robotech/corelib/config github.com/PRO-Robotech/corelib/grpcclient github.com/stretchr/testify/require math/big os path/filepath testing time
github.com/PRO-Robotech/corelib/grpcsrv context github.com/PRO-Robotech/corelib/operations github.com/stretchr/testify/require golang.org/x/net/http2 google.golang.org/grpc google.golang.org/grpc/codes google.golang.org/grpc/connectivity google.golang.org/grpc/credentials/insecure google.golang.org/grpc/health/grpc_health_v1 google.golang.org/grpc/keepalive google.golang.org/grpc/metadata google.golang.org/grpc/status google.golang.org/protobuf/types/known/wrapperspb io net sort sync testing time bytes context crypto/ecdsa crypto/elliptic crypto/rand crypto/tls crypto/x509 crypto/x509/pkix encoding/pem errors fmt github.com/PRO-Robotech/corelib/config github.com/PRO-Robotech/corelib/grpcclient github.com/PRO-Robotech/corelib/grpcsrv github.com/PRO-Robotech/corelib/operations github.com/PRO-Robotech/corelib/treecorpus github.com/prometheus/client_golang/prometheus github.com/prometheus/client_model/go github.com/stretchr/testify/assert github.com/stretchr/testify/require google.golang.org/grpc google.golang.org/grpc/codes google.golang.org/grpc/credentials google.golang.org/grpc/credentials/insecure google.golang.org/grpc/health/grpc_health_v1 google.golang.org/grpc/metadata google.golang.org/grpc/peer google.golang.org/grpc/status google.golang.org/grpc/test/bufconn google.golang.org/protobuf/types/known/emptypb log/slog math/big net net/url os os/exec path path/filepath sort strings sync testing time
github.com/PRO-Robotech/corelib/httpbody  
github.com/PRO-Robotech/corelib/identityposture  github.com/PRO-Robotech/corelib/identityposture go/ast go/parser go/token os path/filepath sort strconv strings testing
github.com/PRO-Robotech/corelib/ids github.com/stretchr/testify/require go/ast go/parser go/token regexp strconv strings testing 
github.com/PRO-Robotech/corelib/internal/tlsutil  crypto/ecdsa crypto/elliptic crypto/rand crypto/x509 crypto/x509/pkix encoding/pem github.com/PRO-Robotech/corelib/internal/tlsutil math/big os path/filepath testing time
github.com/PRO-Robotech/corelib/listcursorplan  
github.com/PRO-Robotech/corelib/listfiltergate os path/filepath strings testing 
github.com/PRO-Robotech/corelib/listnarrow bytes context encoding/json errors fmt github.com/PRO-Robotech/corelib/operations github.com/stretchr/testify/assert github.com/stretchr/testify/require google.golang.org/grpc/codes google.golang.org/grpc/status log/slog strings sync sync/atomic testing time context fmt github.com/PRO-Robotech/corelib/listnarrow github.com/PRO-Robotech/corelib/listnarrow/narrowtest sync/atomic testing time
github.com/PRO-Robotech/corelib/listnarrow/narrowmetrics  context errors github.com/PRO-Robotech/corelib/listnarrow github.com/PRO-Robotech/corelib/listnarrow/narrowmetrics github.com/PRO-Robotech/corelib/listnarrow/narrowtest github.com/prometheus/client_golang/prometheus github.com/prometheus/client_golang/prometheus/promhttp github.com/stretchr/testify/assert github.com/stretchr/testify/require google.golang.org/grpc/codes google.golang.org/grpc/status io net/http/httptest testing
github.com/PRO-Robotech/corelib/listnarrow/narrowtest  
github.com/PRO-Robotech/corelib/migrations/common  context embed github.com/PRO-Robotech/corelib/pgtest github.com/jackc/pgx/v5/pgxpool github.com/stretchr/testify/assert github.com/stretchr/testify/require os testing
github.com/PRO-Robotech/corelib/migratorcli  bytes context errors github.com/PRO-Robotech/corelib/migratorcli github.com/PRO-Robotech/corelib/pgtest github.com/jackc/pgx/v5/pgconn github.com/jackc/pgx/v5/stdlib github.com/pressly/goose/v3 github.com/stretchr/testify/require io net/url os path/filepath reflect strings testing testing/fstest time
github.com/PRO-Robotech/corelib/migratorcli/cobraargs  bytes github.com/PRO-Robotech/corelib/migratorcli github.com/PRO-Robotech/corelib/migratorcli/cobraargs github.com/spf13/cobra strings testing
github.com/PRO-Robotech/corelib/migratorrun  
github.com/PRO-Robotech/corelib/modulemanifest  
github.com/PRO-Robotech/corelib/modulemanifest/producer  github.com/PRO-Robotech/corelib/modulemanifest/producer os path/filepath strings testing
github.com/PRO-Robotech/corelib/moduleselfgating  
github.com/PRO-Robotech/corelib/nameformdb context errors github.com/PRO-Robotech/corelib/validate/nameform github.com/jackc/pgx/v5 github.com/jackc/pgx/v5/pgconn strings testing 
github.com/PRO-Robotech/corelib/observability bytes context github.com/stretchr/testify/require log/slog os strings testing bytes encoding/json github.com/PRO-Robotech/corelib/observability github.com/stretchr/testify/require testing
github.com/PRO-Robotech/corelib/observability/health context encoding/json errors net/http net/http/httptest sync/atomic testing context errors github.com/PRO-Robotech/corelib/observability/health github.com/stretchr/testify/require net/http net/http/httptest sync testing time
github.com/PRO-Robotech/corelib/operations context errors fmt github.com/stretchr/testify/assert github.com/stretchr/testify/require google.golang.org/grpc/codes google.golang.org/grpc/status google.golang.org/protobuf/reflect/protodesc google.golang.org/protobuf/reflect/protoreflect google.golang.org/protobuf/reflect/protoregistry google.golang.org/protobuf/types/descriptorpb google.golang.org/protobuf/types/dynamicpb google.golang.org/protobuf/types/known/anypb strings sync/atomic testing time context errors fmt github.com/PRO-Robotech/corelib/operations github.com/PRO-Robotech/corelib/pgtest github.com/jackc/pgx/v5/pgxpool github.com/stretchr/testify/assert github.com/stretchr/testify/require go.opentelemetry.io/otel/trace google.golang.org/genproto/googleapis/rpc/status google.golang.org/grpc/codes google.golang.org/grpc/status google.golang.org/protobuf/proto google.golang.org/protobuf/reflect/protodesc google.golang.org/protobuf/reflect/protoreflect google.golang.org/protobuf/reflect/protoregistry google.golang.org/protobuf/types/descriptorpb google.golang.org/protobuf/types/dynamicpb google.golang.org/protobuf/types/known/anypb google.golang.org/protobuf/types/known/wrapperspb os sync sync/atomic testing time
github.com/PRO-Robotech/corelib/operations/operationspb context errors github.com/PRO-Robotech/corelib/api/corelib/operation github.com/PRO-Robotech/corelib/operations google.golang.org/genproto/googleapis/rpc/status google.golang.org/grpc/codes google.golang.org/grpc/status google.golang.org/protobuf/types/known/anypb strings testing time 
github.com/PRO-Robotech/corelib/option  encoding/json errors github.com/PRO-Robotech/corelib/option testing
github.com/PRO-Robotech/corelib/outbox testing context encoding/json github.com/PRO-Robotech/corelib/outbox github.com/PRO-Robotech/corelib/pgtest github.com/jackc/pgx/v5/pgxpool github.com/stretchr/testify/assert github.com/stretchr/testify/require os testing time
github.com/PRO-Robotech/corelib/outbox/bootgate  github.com/PRO-Robotech/corelib/outbox/bootgate github.com/stretchr/testify/assert github.com/stretchr/testify/require google.golang.org/grpc/codes google.golang.org/grpc/status testing
github.com/PRO-Robotech/corelib/outbox/drainer context encoding/json errors fmt github.com/PRO-Robotech/corelib/pgtest github.com/jackc/pgx/v5/pgxpool github.com/stretchr/testify/require google.golang.org/grpc/codes google.golang.org/grpc/status io log/slog os strings testing time context encoding/json errors fmt github.com/PRO-Robotech/corelib/outbox/drainer github.com/PRO-Robotech/corelib/outbox/metrics github.com/PRO-Robotech/corelib/pgtest github.com/jackc/pgx/v5 github.com/jackc/pgx/v5/pgxpool github.com/stretchr/testify/assert github.com/stretchr/testify/require google.golang.org/grpc/codes google.golang.org/grpc/status log/slog net os sync sync/atomic testing time
github.com/PRO-Robotech/corelib/outbox/metrics  context github.com/PRO-Robotech/corelib/outbox/metrics github.com/PRO-Robotech/corelib/pgtest github.com/jackc/pgx/v5/pgxpool github.com/stretchr/testify/assert github.com/stretchr/testify/require os testing time
github.com/PRO-Robotech/corelib/outbox/reconciler  bytes context encoding/json fmt github.com/PRO-Robotech/corelib/outbox github.com/PRO-Robotech/corelib/outbox/drainer github.com/PRO-Robotech/corelib/outbox/reconciler github.com/PRO-Robotech/corelib/pgtest github.com/jackc/pgx/v5/pgxpool github.com/stretchr/testify/assert github.com/stretchr/testify/require io log/slog os sync testing time
github.com/PRO-Robotech/corelib/pagetoken  encoding/base64 github.com/PRO-Robotech/corelib/pagetoken strings testing time
github.com/PRO-Robotech/corelib/peer  context errors fmt github.com/PRO-Robotech/corelib/errors github.com/PRO-Robotech/corelib/peer github.com/stretchr/testify/require google.golang.org/genproto/googleapis/rpc/errdetails google.golang.org/grpc/codes google.golang.org/grpc/status testing
github.com/PRO-Robotech/corelib/pgtest context github.com/jackc/pgx/v5/pgxpool net/url strings testing time context database/sql github.com/PRO-Robotech/corelib/pgtest github.com/jackc/pgx/v5/stdlib net/url os strings testing
github.com/PRO-Robotech/corelib/platformmodules  
github.com/PRO-Robotech/corelib/principalwire  github.com/PRO-Robotech/corelib/principalwire github.com/stretchr/testify/require go/ast go/parser go/token net/http strconv strings testing
github.com/PRO-Robotech/corelib/quota bytes context errors github.com/jackc/pgx/v5 github.com/jackc/pgx/v5/pgconn github.com/stretchr/testify/require log/slog strings testing time context errors github.com/PRO-Robotech/corelib/quota github.com/stretchr/testify/require log/slog strings testing time
github.com/PRO-Robotech/corelib/quota/quotadetail  errors fmt github.com/PRO-Robotech/corelib/quota/quotadetail github.com/stretchr/testify/assert github.com/stretchr/testify/require testing
github.com/PRO-Robotech/corelib/quota/quotaread  context errors github.com/PRO-Robotech/corelib/quota/quotaread github.com/stretchr/testify/require google.golang.org/grpc/codes google.golang.org/grpc/status testing
github.com/PRO-Robotech/corelib/retention  context errors github.com/PRO-Robotech/corelib/retention sync/atomic testing time
github.com/PRO-Robotech/corelib/retry  context errors github.com/PRO-Robotech/corelib/retry github.com/stretchr/testify/assert github.com/stretchr/testify/require google.golang.org/grpc/codes google.golang.org/grpc/status testing time
github.com/PRO-Robotech/corelib/safeconv math testing 
github.com/PRO-Robotech/corelib/schemaguard  context encoding/json errors github.com/PRO-Robotech/corelib/observability/health github.com/PRO-Robotech/corelib/pgtest github.com/PRO-Robotech/corelib/schemaguard github.com/jackc/pgx/v5/pgxpool net/http net/http/httptest os strings testing testing/fstest
github.com/PRO-Robotech/corelib/servicecontract  context crypto/tls github.com/PRO-Robotech/corelib/authz github.com/PRO-Robotech/corelib/authz/proxytuple github.com/PRO-Robotech/corelib/grpcsrv github.com/PRO-Robotech/corelib/servicecontract github.com/prometheus/client_golang/prometheus google.golang.org/grpc google.golang.org/grpc/credentials google.golang.org/grpc/credentials/insecure log/slog net/http strings testing time
github.com/PRO-Robotech/corelib/servicehost bytes context crypto/tls crypto/x509 errors fmt github.com/PRO-Robotech/corelib/authz github.com/PRO-Robotech/corelib/authz/proxytuple github.com/PRO-Robotech/corelib/grpcsrv github.com/PRO-Robotech/corelib/listnarrow github.com/PRO-Robotech/corelib/operations github.com/PRO-Robotech/corelib/servicecontract github.com/prometheus/client_golang/prometheus github.com/prometheus/client_model/go google.golang.org/grpc google.golang.org/grpc/codes google.golang.org/grpc/credentials google.golang.org/grpc/credentials/insecure google.golang.org/grpc/metadata google.golang.org/grpc/peer google.golang.org/grpc/status google.golang.org/grpc/test/bufconn google.golang.org/protobuf/proto google.golang.org/protobuf/reflect/protodesc google.golang.org/protobuf/reflect/protoregistry google.golang.org/protobuf/types/descriptorpb google.golang.org/protobuf/types/dynamicpb google.golang.org/protobuf/types/known/emptypb google.golang.org/protobuf/types/known/wrapperspb log/slog net net/url os reflect runtime strings testing time context crypto/rand crypto/rsa crypto/tls crypto/x509 crypto/x509/pkix encoding/pem errors fmt github.com/PRO-Robotech/corelib/servicecontract github.com/PRO-Robotech/corelib/servicehost io math/big net net/http strings testing time
github.com/PRO-Robotech/corelib/shutdown  bytes context errors github.com/PRO-Robotech/corelib/shutdown github.com/stretchr/testify/assert github.com/stretchr/testify/require log/slog strings sync testing time
github.com/PRO-Robotech/corelib/singlepass  context errors github.com/PRO-Robotech/corelib/singlepass testing
github.com/PRO-Robotech/corelib/subscription context errors fmt github.com/PRO-Robotech/corelib/api/corelib/subscription github.com/jackc/pgx/v5 google.golang.org/protobuf/types/known/anypb log/slog sync testing time context encoding/json errors fmt github.com/PRO-Robotech/corelib/api/corelib/subscription github.com/PRO-Robotech/corelib/listnarrow github.com/PRO-Robotech/corelib/listnarrow/narrowtest github.com/PRO-Robotech/corelib/pagetoken github.com/PRO-Robotech/corelib/pgtest github.com/PRO-Robotech/corelib/subscription github.com/jackc/pgx/v5 github.com/jackc/pgx/v5/pgxpool google.golang.org/genproto/googleapis/rpc/errdetails google.golang.org/grpc google.golang.org/grpc/codes google.golang.org/grpc/credentials/insecure google.golang.org/grpc/status google.golang.org/grpc/test/bufconn google.golang.org/protobuf/types/known/anypb google.golang.org/protobuf/types/known/structpb io log/slog net os reflect sort strings sync testing time
github.com/PRO-Robotech/corelib/tokenpolicy  github.com/PRO-Robotech/corelib/tokenpolicy testing time
github.com/PRO-Robotech/corelib/treecorpus fmt os path/filepath strings testing errors github.com/PRO-Robotech/corelib/gitenv github.com/PRO-Robotech/corelib/treecorpus os path/filepath sort strings testing
github.com/PRO-Robotech/corelib/treehygiene  fmt github.com/PRO-Robotech/corelib/gitenv github.com/PRO-Robotech/corelib/treecorpus github.com/PRO-Robotech/corelib/treehygiene os path/filepath strings testing
github.com/PRO-Robotech/corelib/validate github.com/PRO-Robotech/corelib/ids google.golang.org/genproto/googleapis/rpc/errdetails google.golang.org/grpc/codes google.golang.org/grpc/status strings testing 
github.com/PRO-Robotech/corelib/validate/nameform  github.com/PRO-Robotech/corelib/validate/nameform testing
